// Jest Snapshot v1, https://goo.gl/fbAQLP

exports[`decrement 1`] = `
Object {
  "value": -1,
}
`;

exports[`increment 1`] = `
Object {
  "value": 1,
}
`;
